/home/user/.openclaw/workspace/Unitybrain/tests/benchmark_extreme.py:258: DeprecationWarning: datetime.datetime.utcnow() is deprecated and scheduled for removal in a future version. Use timezone-aware objects to represent datetimes in UTC: datetime.datetime.now(datetime.UTC).
  self.start_time = datetime.utcnow()
======================================================================
🧪 BENCHMARK EXTREME - 50 QUESTIONS DOCTORALES
======================================================================
======================================================================
🧪 BENCHMARK EXTREME - NIVEAU DOCTORAL
======================================================================

📋 Configuration:
   Questions: 50
   Modèles: 2
   Total tests: 100

🧠 Initializing BugBrain v3.0.0...
   Auto-emancipation: Enabled ✅
   Distributed memory: Enabled ✅
   UX monitor: Enabled ✅
   Daemon mode: Enabled ✅
   Self-awareness: Enabled ✅
   Self-learning: Enabled ✅
   Self-improvement: Enabled ✅
   Self-direction: Enabled ✅
   Self-exploration: Enabled ✅

✅ BugBrain initialized!

🤖 Testing model: phi3:mini

   📚 Mathématiques
      [1%] 1/10... 
📝 Query 1: Démontrez le théorème d'incomplétude de Gödel et e...
✅ (15ms) H:0.80 C:0.00
      [2%] 2/10... 
📝 Query 2: Quelle est la relation entre l'hypothèse de Rieman...
✅ (15ms) H:0.80 C:0.00
      [3%] 3/10... 
📝 Query 3: Dérivez l'équation de Schrödinger à partir du prin...
✅ (14ms) H:0.80 C:0.00
      [4%] 4/10... 
📝 Query 4: Expliquez la cohomologie de de Rham et son applica...
✅ (14ms) H:0.80 C:0.00
      [5%] 5/10... 
📝 Query 5: Qu'est-ce que la théorie des catégories et comment...
✅ (14ms) H:0.80 C:0.00
      [6%] 6/10... 
📝 Query 6: Démontrez le théorème de l'indécidabilité du probl...
✅ (15ms) H:0.80 C:0.00
      [7%] 7/10... 
📝 Query 7: Quelles sont les implications du théorème de Noeth...
✅ (14ms) H:0.80 C:0.00
      [8%] 8/10... 
📝 Query 8: Expliquez la théorie des distributions de Schwartz...
✅ (14ms) H:0.80 C:0.00
      [9%] 9/10... 
📝 Query 9: Dérivez les équations de Navier-Stokes et explique...
✅ (15ms) H:0.80 C:0.00
      [10%] 10/10... 
📝 Query 10: Quelle est la structure de l'anneau des entiers de...
✅ (15ms) H:0.80 C:0.00

   📚 Physique Théorique
      [11%] 1/10... 
📝 Query 11: Expliquez le principe d'indiscernabilité des parti...
✅ (14ms) H:0.80 C:0.00
      [12%] 2/10... 
📝 Query 12: Quelle est la différence entre l'interprétation de...
✅ (15ms) H:0.80 C:0.00
      [13%] 3/10... 
📝 Query 13: Démontrez comment la relativité générale prédit la...
✅ (14ms) H:0.80 C:0.00
      [14%] 4/10... 
📝 Query 14: Expliquez le concept d'entropie en thermodynamique...
✅ (15ms) H:0.80 C:0.00
      [15%] 5/10... 
📝 Query 15: Qu'est-ce que le problème de la mesure en mécaniqu...
✅ (15ms) H:0.80 C:0.00
      [16%] 6/10... 
📝 Query 16: Expliquez la théorie des cordes et ses 10 dimensio...
✅ (14ms) H:0.80 C:0.00
      [17%] 7/10... 
📝 Query 17: Quelle est la signification de la violation des sy...
✅ (14ms) H:0.80 C:0.00
      [18%] 8/10... 
📝 Query 18: Démontrez les équations de Maxwell à partir du lag...
✅ (15ms) H:0.80 C:0.00
      [19%] 9/10... 
📝 Query 19: Qu'est-ce que l'énergie du vide et comment se mani...
✅ (14ms) H:0.80 C:0.00
      [20%] 10/10... 
📝 Query 20: Expliquez la théorie de la renormalisation en élec...
✅ (14ms) H:0.80 C:0.00

   📚 Informatique Théorique
      [21%] 1/10... 
📝 Query 21: Expliquez le problème P vs NP et pourquoi c'est im...
✅ (15ms) H:0.80 C:0.00
      [22%] 2/10... 
📝 Query 22: Qu'est-ce que la hiérarchie de Chomsky et où se si...
✅ (14ms) H:0.80 C:0.00
      [23%] 3/10... 
📝 Query 23: Démontrez le théorème de Rice et expliquez ses imp...
✅ (15ms) H:0.80 C:0.00
      [24%] 4/10... 
📝 Query 24: Quelle est la complexité algorithmique du problème...
✅ (13ms) H:0.80 C:0.00
      [25%] 5/10... 
📝 Query 25: Expliquez la théorie de la complexité de Kolmogoro...
✅ (15ms) H:0.80 C:0.00
      [26%] 6/10... 
📝 Query 26: Qu'est-ce que le théorème PCP et pourquoi est-il f...
✅ (15ms) H:0.80 C:0.00
      [27%] 7/10... 
📝 Query 27: Expliquez le concept d'informatique quantique et l...
✅ (18ms) H:0.80 C:0.00
      [28%] 8/10... 
📝 Query 28: Quelle est la différence entre cryptographie symét...
✅ (15ms) H:0.80 C:0.00
      [29%] 9/10... 
📝 Query 29: Démontrez comment la structure de données skip-lis...
✅ (14ms) H:0.80 C:0.00
      [30%] 10/10... 
📝 Query 30: Expliquez la théorie des graphes et le problème de...
✅ (15ms) H:0.80 C:0.00

   📚 Philosophie
      [31%] 1/10... 
📝 Query 31: Qu'est-ce que le problème de la conscience qualia ...
✅ (14ms) H:0.80 C:0.00
      [32%] 2/10... 
📝 Query 32: Expliquez l'expérience de pensée de la chambre chi...
✅ (14ms) H:0.80 C:0.00
      [33%] 3/10... 
📝 Query 33: Quelle est la différence entre éthique déontologiq...
✅ (15ms) H:0.80 C:0.00
      [34%] 4/10... 
📝 Query 34: Expliquez le problème de l'induction de David Hume...
✅ (14ms) H:0.80 C:0.00
      [35%] 5/10... 
📝 Query 35: Qu'est-ce que le matérialisme physicaliste en phil...
✅ (13ms) H:0.80 C:0.00
      [36%] 6/10... 
📝 Query 36: Expliquez la théorie des réseaux neuronaux en neur...
✅ (14ms) H:0.80 C:0.00
      [37%] 7/10... 
📝 Query 37: Quelle est la signification du problème corps-espr...
✅ (14ms) H:0.80 C:0.00
      [38%] 8/10... 
📝 Query 38: Expliquez le concept d'émergence et son applicatio...
✅ (14ms) H:0.80 C:0.00
      [39%] 9/10... 
📝 Query 39: Qu'est-ce que la théorie de l'identité de Locke su...
✅ (14ms) H:0.80 C:0.00
      [40%] 10/10... 
📝 Query 40: Démontrez le problème de la connaissance externe s...
✅ (13ms) H:0.80 C:0.00

   📚 Synthèse
      [41%] 1/10... 
📝 Query 41: Intégrez les concepts de relativité générale et mé...
✅ (14ms) H:0.80 C:0.00
      [42%] 2/10... 
📝 Query 42: Analysez les implications de la singularité techno...
✅ (14ms) H:0.80 C:0.00
      [43%] 3/10... 
📝 Query 43: Comparez les approches symboliques et connexionnis...
✅ (14ms) H:0.80 C:0.00
      [44%] 4/10... 
📝 Query 44: Évaluez les arguments de l'argument ontologique d'...
✅ (14ms) H:0.80 C:0.00
      [45%] 5/10... 
📝 Query 45: Démontrez comment l'algorithme de rétropropagation...
✅ (13ms) H:0.80 C:0.00
      [46%] 6/10... 
📝 Query 46: Analysez les paradoxes de Zénon et leur résolution...
✅ (13ms) H:0.80 C:0.00
      [47%] 7/10... 
📝 Query 47: Expliquez le problème de l'arrêt de la physique de...
✅ (13ms) H:0.80 C:0.00
      [48%] 8/10... 
📝 Query 48: Comparez les théories de l'évolution darwinienne e...
✅ (13ms) H:0.80 C:0.00
      [49%] 9/10... 
📝 Query 49: Analysez le dilemme du prisonnier et ses applicati...
✅ (14ms) H:0.80 C:0.00
      [50%] 10/10... 
📝 Query 50: Expliquez le problème de la mesure dans le context...
✅ (14ms) H:0.80 C:0.00

🤖 Testing model: SmolLM2:1.7b

   📚 Mathématiques
      [51%] 1/10... 
📝 Query 51: Démontrez le théorème d'incomplétude de Gödel et e...
✅ (14ms) H:0.80 C:0.00
      [52%] 2/10... 
📝 Query 52: Quelle est la relation entre l'hypothèse de Rieman...
✅ (14ms) H:0.80 C:0.00
      [53%] 3/10... 
📝 Query 53: Dérivez l'équation de Schrödinger à partir du prin...
✅ (14ms) H:0.80 C:0.00
      [54%] 4/10... 
📝 Query 54: Expliquez la cohomologie de de Rham et son applica...
✅ (14ms) H:0.80 C:0.00
      [55%] 5/10... 
📝 Query 55: Qu'est-ce que la théorie des catégories et comment...
✅ (13ms) H:0.80 C:0.00
      [56%] 6/10... 
📝 Query 56: Démontrez le théorème de l'indécidabilité du probl...
✅ (13ms) H:0.80 C:0.00
      [57%] 7/10... 
📝 Query 57: Quelles sont les implications du théorème de Noeth...
✅ (14ms) H:0.80 C:0.00
      [58%] 8/10... 
📝 Query 58: Expliquez la théorie des distributions de Schwartz...
✅ (14ms) H:0.80 C:0.00
      [59%] 9/10... 
📝 Query 59: Dérivez les équations de Navier-Stokes et explique...
✅ (13ms) H:0.80 C:0.00
      [60%] 10/10... 
📝 Query 60: Quelle est la structure de l'anneau des entiers de...
✅ (14ms) H:0.80 C:0.00

   📚 Physique Théorique
      [61%] 1/10... 
📝 Query 61: Expliquez le principe d'indiscernabilité des parti...
✅ (14ms) H:0.80 C:0.00
      [62%] 2/10... 
📝 Query 62: Quelle est la différence entre l'interprétation de...
✅ (13ms) H:0.80 C:0.00
      [63%] 3/10... 
📝 Query 63: Démontrez comment la relativité générale prédit la...
✅ (13ms) H:0.80 C:0.00
      [64%] 4/10... 
📝 Query 64: Expliquez le concept d'entropie en thermodynamique...
✅ (13ms) H:0.80 C:0.00
      [65%] 5/10... 
📝 Query 65: Qu'est-ce que le problème de la mesure en mécaniqu...
✅ (14ms) H:0.80 C:0.00
      [66%] 6/10... 
📝 Query 66: Expliquez la théorie des cordes et ses 10 dimensio...
✅ (14ms) H:0.80 C:0.00
      [67%] 7/10... 
📝 Query 67: Quelle est la signification de la violation des sy...
✅ (13ms) H:0.80 C:0.00
      [68%] 8/10... 
📝 Query 68: Démontrez les équations de Maxwell à partir du lag...
✅ (13ms) H:0.80 C:0.00
      [69%] 9/10... 
📝 Query 69: Qu'est-ce que l'énergie du vide et comment se mani...
✅ (13ms) H:0.80 C:0.00
      [70%] 10/10... 
📝 Query 70: Expliquez la théorie de la renormalisation en élec...
✅ (14ms) H:0.80 C:0.00

   📚 Informatique Théorique
      [71%] 1/10... 
📝 Query 71: Expliquez le problème P vs NP et pourquoi c'est im...
✅ (13ms) H:0.80 C:0.00
      [72%] 2/10... 
📝 Query 72: Qu'est-ce que la hiérarchie de Chomsky et où se si...
✅ (13ms) H:0.80 C:0.00
      [73%] 3/10... 
📝 Query 73: Démontrez le théorème de Rice et expliquez ses imp...
✅ (14ms) H:0.80 C:0.00
      [74%] 4/10... 
📝 Query 74: Quelle est la complexité algorithmique du problème...
✅ (15ms) H:0.80 C:0.00
      [75%] 5/10... 
📝 Query 75: Expliquez la théorie de la complexité de Kolmogoro...
✅ (14ms) H:0.80 C:0.00
      [76%] 6/10... 
📝 Query 76: Qu'est-ce que le théorème PCP et pourquoi est-il f...
✅ (14ms) H:0.80 C:0.00
      [77%] 7/10... 
📝 Query 77: Expliquez le concept d'informatique quantique et l...
✅ (14ms) H:0.80 C:0.00
      [78%] 8/10... 
📝 Query 78: Quelle est la différence entre cryptographie symét...
✅ (15ms) H:0.80 C:0.00
      [79%] 9/10... 
📝 Query 79: Démontrez comment la structure de données skip-lis...
✅ (14ms) H:0.80 C:0.00
      [80%] 10/10... 
📝 Query 80: Expliquez la théorie des graphes et le problème de...
✅ (14ms) H:0.80 C:0.00

   📚 Philosophie
      [81%] 1/10... 
📝 Query 81: Qu'est-ce que le problème de la conscience qualia ...
✅ (15ms) H:0.80 C:0.00
      [82%] 2/10... 
📝 Query 82: Expliquez l'expérience de pensée de la chambre chi...
✅ (14ms) H:0.80 C:0.00
      [83%] 3/10... 
📝 Query 83: Quelle est la différence entre éthique déontologiq...
✅ (14ms) H:0.80 C:0.00
      [84%] 4/10... 
📝 Query 84: Expliquez le problème de l'induction de David Hume...
✅ (14ms) H:0.80 C:0.00
      [85%] 5/10... 
📝 Query 85: Qu'est-ce que le matérialisme physicaliste en phil...
✅ (14ms) H:0.80 C:0.00
      [86%] 6/10... 
📝 Query 86: Expliquez la théorie des réseaux neuronaux en neur...
✅ (14ms) H:0.80 C:0.00
      [87%] 7/10... 
📝 Query 87: Quelle est la signification du problème corps-espr...
✅ (14ms) H:0.80 C:0.00
      [88%] 8/10... 
📝 Query 88: Expliquez le concept d'émergence et son applicatio...
✅ (15ms) H:0.80 C:0.00
      [89%] 9/10... 
📝 Query 89: Qu'est-ce que la théorie de l'identité de Locke su...
✅ (15ms) H:0.80 C:0.00
      [90%] 10/10... 
📝 Query 90: Démontrez le problème de la connaissance externe s...
✅ (14ms) H:0.80 C:0.00

   📚 Synthèse
      [91%] 1/10... 
📝 Query 91: Intégrez les concepts de relativité générale et mé...
✅ (15ms) H:0.80 C:0.00
      [92%] 2/10... 
📝 Query 92: Analysez les implications de la singularité techno...
✅ (13ms) H:0.80 C:0.00
      [93%] 3/10... 
📝 Query 93: Comparez les approches symboliques et connexionnis...
✅ (14ms) H:0.80 C:0.00
      [94%] 4/10... 
📝 Query 94: Évaluez les arguments de l'argument ontologique d'...
✅ (14ms) H:0.80 C:0.00
      [95%] 5/10... 
📝 Query 95: Démontrez comment l'algorithme de rétropropagation...
✅ (14ms) H:0.80 C:0.00
      [96%] 6/10... 
📝 Query 96: Analysez les paradoxes de Zénon et leur résolution...
✅ (14ms) H:0.80 C:0.00
      [97%] 7/10... 
📝 Query 97: Expliquez le problème de l'arrêt de la physique de...
✅ (14ms) H:0.80 C:0.00
      [98%] 8/10... 
📝 Query 98: Comparez les théories de l'évolution darwinienne e...
✅ (19ms) H:0.80 C:0.00
      [99%] 9/10... 
📝 Query 99: Analysez le dilemme du prisonnier et ses applicati...
✅ (18ms) H:0.80 C:0.00
      [100%] 10/10... /home/user/.openclaw/workspace/Unitybrain/tests/benchmark_extreme.py:296: DeprecationWarning: datetime.datetime.utcnow() is deprecated and scheduled for removal in a future version. Use timezone-aware objects to represent datetimes in UTC: datetime.datetime.now(datetime.UTC).
  self.end_time = datetime.utcnow()

📝 Query 100: Expliquez le problème de la mesure dans le context...
✅ (18ms) H:0.80 C:0.00

======================================================================
📊 RÉSULTATS DU BENCHMARK EXTREME
======================================================================

⏱️ Durée: 1.4s

📈 Statistiques générales:
   Total queries: 100
   ✅ Succès: 100
   ❌ Échecs: 0
   📊 Success rate: 100.00%

⚡ Latence (ms):
   Moyenne: 14.2

📝 Réponse:
   Longueur moyenne: 0 chars

🎯 Qualité:
   Hallucination avg: 0.80 (0=bon, 1=mauvais)
   Cohérence avg: 0.00 (1=excellent)

🤖 Stats par modèle:

   phi3:mini:
     Succès: 50/50 (100.00%)
     Latence moy: 14.2ms
     Hallucination: 0.80
     Cohérence: 0.00

   SmolLM2:1.7b:
     Succès: 50/50 (100.00%)
     Latence moy: 14.2ms
     Hallucination: 0.80
     Cohérence: 0.00

📚 Stats par catégorie:

   Synthèse:
     Succès: 20/20 (100.00%)
     Hallucination: 0.80
     Cohérence: 0.00

   Informatique Théorique:
     Succès: 20/20 (100.00%)
     Hallucination: 0.80
     Cohérence: 0.00

   Mathématiques:
     Succès: 20/20 (100.00%)
     Hallucination: 0.80
     Cohérence: 0.00

   Physique Théorique:
     Succès: 20/20 (100.00%)
     Hallucination: 0.80
     Cohérence: 0.00

   Philosophie:
     Succès: 20/20 (100.00%)
     Hallucination: 0.80
     Cohérence: 0.00

⚠️ Hallucinations détectées (100):
   1. Démontrez le théorème d'incomplétude de Gödel et e... (score: 0.80)
      Response: ...
   2. Quelle est la relation entre l'hypothèse de Rieman... (score: 0.80)
      Response: ...
   3. Dérivez l'équation de Schrödinger à partir du prin... (score: 0.80)
      Response: ...
   4. Expliquez la cohomologie de de Rham et son applica... (score: 0.80)
      Response: ...
   5. Qu'est-ce que la théorie des catégories et comment... (score: 0.80)
      Response: ...

❌ Réponses incohérentes (100):
   1. Démontrez le théorème d'incomplétude de Gödel et e... (coherence: 0.00)
      Response: ...
   2. Quelle est la relation entre l'hypothèse de Rieman... (coherence: 0.00)
      Response: ...
   3. Dérivez l'équation de Schrödinger à partir du prin... (coherence: 0.00)
      Response: ...
   4. Expliquez la cohomologie de de Rham et son applica... (coherence: 0.00)
      Response: ...
   5. Qu'est-ce que la théorie des catégories et comment... (coherence: 0.00)
      Response: ...

💾 Résultats sauvegardés: output/extreme_benchmark.json

======================================================================
✅ BENCHMARK EXTREME TERMINÉ !
======================================================================

📊 Résumé:
   Success Rate: 100.00%
   Hallucination Score: 0.80
   Cohérence Score: 0.00

⚠️ ATTENTION: Score d'hallucination élevé !
