/home/user/.openclaw/workspace/Unitybrain/tests/benchmark_intermediate.py:81: DeprecationWarning: datetime.datetime.utcnow() is deprecated and scheduled for removal in a future version. Use timezone-aware objects to represent datetimes in UTC: datetime.datetime.now(datetime.UTC).
  self.start_time = datetime.utcnow()
======================================================================
🧪 BENCHMARK INTERMÉDIAIRE - ÉPREUVE RÉALISTE
======================================================================
======================================================================
🧪 BENCHMARK INTERMÉDIAIRE - Épreuve Réaliste
======================================================================

📋 Configuration:
   Questions: 18
   Modèles: 3
   Total tests: 54

🤖 Testing model: SmolLM2:1.7b

🧠 Initializing BugBrain v3.0.0...
   Auto-emancipation: Enabled ✅
   Distributed memory: Enabled ✅
   UX monitor: Enabled ✅
   Daemon mode: Enabled ✅
   Self-awareness: Enabled ✅
   Self-learning: Enabled ✅
   Self-improvement: Enabled ✅
   Self-direction: Enabled ✅
   Self-exploration: Enabled ✅

✅ BugBrain initialized!

   [1/18] Calcule 47 × 38 et explique le résultat....

📝 Query 1: Calcule 47 × 38 et explique le résultat....
      ✅ (20227ms) - 500 chars
      Pour calculer 47 × 38, nous pouvons utiliser la multiplication longue :

```

   47

×  38

______

  376 (ce qui est 47 multiplié par le chiffre des ...

   [2/18] Qu'est-ce qu'un nombre premier ? Donne un exemple....

📝 Query 2: Qu'est-ce qu'un nombre premier ? Donne un exemple....
      ✅ (14444ms) - 500 chars
      Un nombre premier est une entier strictement positif non divisible par deux n'importe quelle autre entier strictement positive, sauf lui même et lui-m...

   [3/18] Explique la différence entre pourcentage et fracti...

📝 Query 3: Explique la différence entre pourcentage et fracti...
      ✅ (24483ms) - 500 chars
      Les deux termes sont souvent utilisés dans le contexte de l'arithmétique, mais ils représentent des choses différentes en mathématiques : un pourcenta...

   [4/18] Qu'est-ce que la photosynthèse ?...

📝 Query 4: Qu'est-ce que la photosynthèse ?...
      ✅ (8141ms) - 418 chars
      La photosynthèse est un processus naturel où l'organisme utilise le rayonnement solaire pour synthétiseer des molécules d'oxygène et d'hydrogène, qui ...

   [5/18] Explique le cycle de l'eau simplement....

📝 Query 5: Explique le cycle de l'eau simplement....
      ✅ (60005ms) - 24 chars
      Error: Timeout after 60s...

   [6/18] Quelle est la différence entre une étoile et une p...

📝 Query 6: Quelle est la différence entre une étoile et une p...
      ✅ (23375ms) - 500 chars
      En anglais, l'écriture de cette phrase serait: 

"What is the difference between a star and a planet?"

Pour vous aider dans le vocabulaire, une étoil...

   [7/18] Qu'est-ce que la Révolution française ?...

📝 Query 7: Qu'est-ce que la Révolution française ?...
      ✅ (7817ms) - 397 chars
      La Révolution Française (French Revolution) est un règne annoncé à l'origine du 1789 qui provoqua l'abolition de la monarchie absolue en France et ses...

   [8/18] Explique qui était Albert Einstein....

📝 Query 8: Explique qui était Albert Einstein....
      ✅ (41410ms) - 500 chars
      Albert Einstein (14 March 1879 - 18 April 1955) fut un physicien théorique de renom, surtout connu pour sa contribution au concept d'énergie-masse à t...

   [9/18] Qu'est-ce que la Renaissance ?...

📝 Query 9: Qu'est-ce que la Renaissance ?...
      ✅ (22119ms) - 500 chars
      La Renaissance est une période qui se déroule entre 1400 et 1600 dans l'histoire de la France. C'est un moment où la civilisation occidentale renait, ...

   [10/18] Si tu as 3 pommes et que tu en donnes 2, combien e...

📝 Query 10: Si tu as 3 pommes et que tu en donnes 2, combien e...
      ✅ (6025ms) - 235 chars
      Vous essayez de suivre le rythme gramatical du français. Cette phrase demande "Combien en reste-t-il d'pommes après qu'on avez partagé 2". Il y aura b...

   [11/18] Qu'est-ce qui pèse plus : un kilo de plume ou un k...

📝 Query 11: Qu'est-ce qui pèse plus : un kilo de plume ou un k...
      ✅ (5488ms) - 241 chars
      Pour ce sujet, je ne peux pas fournir des informations spécifiques personnalisées ou recueillies directement par moi. Je vous recommande d'opter avec ...

   [12/18] Explique pourquoi le ciel est bleu....

📝 Query 12: Explique pourquoi le ciel est bleu....
      ✅ (60006ms) - 24 chars
      Error: Timeout after 60s...

   [13/18] Qu'est-ce qu'un algorithme ?...

📝 Query 13: Qu'est-ce qu'un algorithme ?...
      ✅ (9785ms) - 500 chars
      Un algorithme est une méthode ou un procédure décrite en langage de programmation pour résoudre un problème ou accomplir une tâche donnée. Elle utilis...

   [14/18] Explique la différence entre hardware et software....

📝 Query 14: Explique la différence entre hardware et software....
      ✅ (60007ms) - 24 chars
      Error: Timeout after 60s...

   [15/18] Qu'est-ce que l'internet ?...

📝 Query 15: Qu'est-ce que l'internet ?...
      ✅ (20277ms) - 500 chars
      L'Internet est une plateforme numérique qui permet de communiquer et de passer des informations entre les personnes de tout le monde. Il y a plusieurs...

   [16/18] Comment faire un œuf à la coque ?...

📝 Query 16: Comment faire un œuf à la coque ?...
      ✅ (31531ms) - 500 chars
      Il est important de suivre les étapes précises pour pouvoir obtenir une bonne forme d'œuf à la coque. Cependant, je peux vous aider à traduire l'expre...

   [17/18] Quelle est la capitale de la Belgique ?...

📝 Query 17: Quelle est la capitale de la Belgique ?...
      ✅ (1255ms) - 43 chars
      La capitale de la Belgique est Bruxelles.

...

   [18/18] Explique comment planter une graine....

📝 Query 18: Explique comment planter une graine....
      ✅ (60007ms) - 24 chars
      Error: Timeout after 60s...

🤖 Testing model: phi3:mini

🧠 Initializing BugBrain v3.0.0...
   Auto-emancipation: Enabled ✅
   Distributed memory: Enabled ✅
   UX monitor: Enabled ✅
   Daemon mode: Enabled ✅
   Self-awareness: Enabled ✅
   Self-learning: Enabled ✅
   Self-improvement: Enabled ✅
   Self-direction: Enabled ✅
   Self-exploration: Enabled ✅

✅ BugBrain initialized!

   [1/18] Calcule 47 × 38 et explique le résultat....

📝 Query 1: Calcule 47 × 38 et explique le résultat....
      ✅ (42674ms) - 500 chars
      La multiplication de 47 par 38 donne:

\[ 47 \times 38 = 1798 \]

Pour comprendre comment nous avons obtenu ce résultat, décomposons la multiplication...

   [2/18] Qu'est-ce qu'un nombre premier ? Donne un exemple....

📝 Query 2: Qu'est-ce qu'un nombre premier ? Donne un exemple....
      ✅ (38476ms) - 500 chars
      Un nombre premier est un nombre entier positif naturel qui n'écrit pas comme le produit de deux nombres premiers strictement. En termes plus simples, ...

   [3/18] Explique la différence entre pourcentage et fracti...

📝 Query 3: Explique la différence entre pourcentage et fracti...
      ✅ (60007ms) - 24 chars
      Error: Timeout after 60s...

   [4/18] Qu'est-ce que la photosynthèse ?...

📝 Query 4: Qu'est-ce que la photosynthèse ?...
      ✅ (15833ms) - 500 chars
      Photosynthesis est une procédure biologique employée par des plantes pour produire de l'eau et de la nourriture. Il utilise la lumière du soleil comme...

   [5/18] Explique le cycle de l'eau simplement....

📝 Query 5: Explique le cycle de l'eau simplement....
      ✅ (47894ms) - 500 chars
      Le cycle de l'eau, ou hydrologique, est un processus naturel par lequel l’eau parcourt notre planète et change d'état à différents moments en glace (f...

   [6/18] Quelle est la différence entre une étoile et une p...

📝 Query 6: Quelle est la différence entre une étoile et une p...
      ✅ (18928ms) - 500 chars
      Une étoile est une entité stellaire plus grande que l'un de ses composants individuels. Elles ont des surfaces totales d'environ 1000 fois plus grands...

   [7/18] Qu'est-ce que la Révolution française ?...

📝 Query 7: Qu'est-ce que la Révolution française ?...
      ✅ (40072ms) - 500 chars
