2026-04-25 09:23:12,217 [UnityBrain] INFO: Starting UnityBrain v3.3 as 'bug'
2026-04-25 09:23:12,218 [UnityBrain] INFO: Config loaded from /home/kamizool/.openclaw/workspace/Unitybrain/config/bug.json
2026-04-25 09:23:12,218 [UnityBrain] INFO: Initializing bug v3.3.0...
2026-04-25 09:23:12,222 [UnityBrain] INFO: Discovery: found 1 potential peers
2026-04-25 09:23:12,251 [UnityBrain] INFO: bug initialized! Peers: 1/1
2026-04-25 09:23:42,705 [UnityBrain] INFO: Starting UnityBrain v3.3 as 'bug'
2026-04-25 09:23:42,706 [UnityBrain] INFO: Config loaded from /home/kamizool/.openclaw/workspace/Unitybrain/config/bug.json
2026-04-25 09:23:42,706 [UnityBrain] INFO: Initializing bug v3.3.0...
2026-04-25 09:23:42,711 [UnityBrain] INFO: Discovery: found 1 potential peers
2026-04-25 09:23:42,741 [UnityBrain] INFO: bug initialized! Peers: 1/1
2026-04-25 09:24:12,960 [UnityBrain] INFO: Starting UnityBrain v3.3 as 'bug'
2026-04-25 09:24:12,961 [UnityBrain] INFO: Config loaded from /home/kamizool/.openclaw/workspace/Unitybrain/config/bug.json
2026-04-25 09:24:12,961 [UnityBrain] INFO: Initializing bug v3.3.0...
2026-04-25 09:24:12,966 [UnityBrain] INFO: Discovery: found 1 potential peers
2026-04-25 09:24:12,997 [UnityBrain] INFO: bug initialized! Peers: 1/1
2026-04-25 09:24:43,453 [UnityBrain] INFO: Starting UnityBrain v3.3 as 'bug'
2026-04-25 09:24:43,453 [UnityBrain] INFO: Config loaded from /home/kamizool/.openclaw/workspace/Unitybrain/config/bug.json
2026-04-25 09:24:43,453 [UnityBrain] INFO: Initializing bug v3.3.0...
2026-04-25 09:24:43,459 [UnityBrain] INFO: Discovery: found 1 potential peers
2026-04-25 09:24:43,522 [UnityBrain] INFO: bug initialized! Peers: 1/1
2026-04-25 09:25:13,961 [UnityBrain] INFO: Starting UnityBrain v3.3 as 'bug'
2026-04-25 09:25:13,962 [UnityBrain] INFO: Config loaded from /home/kamizool/.openclaw/workspace/Unitybrain/config/bug.json
2026-04-25 09:25:13,962 [UnityBrain] INFO: Initializing bug v3.3.0...
2026-04-25 09:25:13,967 [UnityBrain] INFO: Discovery: found 1 potential peers
2026-04-25 09:25:13,997 [UnityBrain] INFO: bug initialized! Peers: 1/1
2026-04-25 09:28:38,475 [UnityBrain] INFO: Starting UnityBrain v3.3 as 'bug'
2026-04-25 09:28:38,475 [UnityBrain] INFO: Config loaded from /home/kamizool/.openclaw/workspace/Unitybrain/config/bug.json
2026-04-25 09:28:38,475 [UnityBrain] INFO: Initializing bug v3.3.0...
2026-04-25 09:28:38,481 [UnityBrain] INFO: Discovery: found 1 potential peers
2026-04-25 09:28:43,733 [UnityBrain] INFO: bug initialized! Peers: 0/1
2026-04-25 09:28:49,781 [UnityBrain] INFO: Starting UnityBrain v3.3 as 'bug'
2026-04-25 09:28:49,782 [UnityBrain] INFO: Config loaded from /home/kamizool/.openclaw/workspace/Unitybrain/config/bug.json
2026-04-25 09:28:49,782 [UnityBrain] INFO: Initializing bug v3.3.0...
2026-04-25 09:28:49,787 [UnityBrain] INFO: Discovery: found 1 potential peers
2026-04-25 09:28:55,734 [UnityBrain] INFO: bug initialized! Peers: 0/1
2026-04-25 09:29:06,218 [UnityBrain] INFO: Starting UnityBrain v3.3 as 'bug'
2026-04-25 09:29:06,219 [UnityBrain] INFO: Config loaded from /home/kamizool/.openclaw/workspace/Unitybrain/config/bug.json
2026-04-25 09:29:06,219 [UnityBrain] INFO: Initializing bug v3.3.0...
2026-04-25 09:29:06,224 [UnityBrain] INFO: Discovery: found 1 potential peers
2026-04-25 09:29:11,733 [UnityBrain] INFO: bug initialized! Peers: 0/1
2026-04-25 09:29:21,961 [UnityBrain] INFO: Starting UnityBrain v3.3 as 'bug'
2026-04-25 09:29:21,962 [UnityBrain] INFO: Config loaded from /home/kamizool/.openclaw/workspace/Unitybrain/config/bug.json
2026-04-25 09:29:21,962 [UnityBrain] INFO: Initializing bug v3.3.0...
2026-04-25 09:29:21,968 [UnityBrain] INFO: Discovery: found 1 potential peers
2026-04-25 09:29:27,733 [UnityBrain] INFO: bug initialized! Peers: 0/1
2026-04-25 09:29:37,958 [UnityBrain] INFO: Starting UnityBrain v3.3 as 'bug'
2026-04-25 09:29:37,958 [UnityBrain] INFO: Config loaded from /home/kamizool/.openclaw/workspace/Unitybrain/config/bug.json
2026-04-25 09:29:37,958 [UnityBrain] INFO: Initializing bug v3.3.0...
2026-04-25 09:29:37,963 [UnityBrain] INFO: Discovery: found 1 potential peers
2026-04-25 09:29:37,991 [UnityBrain] INFO: bug initialized! Peers: 1/1
2026-04-25 09:29:48,207 [UnityBrain] INFO: Starting UnityBrain v3.3 as 'bug'
2026-04-25 09:29:48,207 [UnityBrain] INFO: Config loaded from /home/kamizool/.openclaw/workspace/Unitybrain/config/bug.json
2026-04-25 09:29:48,207 [UnityBrain] INFO: Initializing bug v3.3.0...
2026-04-25 09:29:48,212 [UnityBrain] INFO: Discovery: found 1 potential peers
2026-04-25 09:29:48,238 [UnityBrain] INFO: bug initialized! Peers: 1/1
2026-04-25 09:29:58,460 [UnityBrain] INFO: Starting UnityBrain v3.3 as 'bug'
2026-04-25 09:29:58,460 [UnityBrain] INFO: Config loaded from /home/kamizool/.openclaw/workspace/Unitybrain/config/bug.json
2026-04-25 09:29:58,460 [UnityBrain] INFO: Initializing bug v3.3.0...
2026-04-25 09:29:58,466 [UnityBrain] INFO: Discovery: found 1 potential peers
2026-04-25 09:29:58,497 [UnityBrain] INFO: bug initialized! Peers: 1/1
2026-04-25 09:30:08,718 [UnityBrain] INFO: Starting UnityBrain v3.3 as 'bug'
2026-04-25 09:30:08,718 [UnityBrain] INFO: Config loaded from /home/kamizool/.openclaw/workspace/Unitybrain/config/bug.json
2026-04-25 09:30:08,718 [UnityBrain] INFO: Initializing bug v3.3.0...
2026-04-25 09:30:08,723 [UnityBrain] INFO: Discovery: found 1 potential peers
2026-04-25 09:30:08,753 [UnityBrain] INFO: bug initialized! Peers: 1/1
2026-04-25 09:30:19,212 [UnityBrain] INFO: Starting UnityBrain v3.3 as 'bug'
2026-04-25 09:30:19,213 [UnityBrain] INFO: Config loaded from /home/kamizool/.openclaw/workspace/Unitybrain/config/bug.json
2026-04-25 09:30:19,213 [UnityBrain] INFO: Initializing bug v3.3.0...
2026-04-25 09:30:19,218 [UnityBrain] INFO: Discovery: found 1 potential peers
2026-04-25 09:30:19,246 [UnityBrain] INFO: bug initialized! Peers: 1/1
2026-04-25 09:30:29,457 [UnityBrain] INFO: Starting UnityBrain v3.3 as 'bug'
2026-04-25 09:30:29,457 [UnityBrain] INFO: Config loaded from /home/kamizool/.openclaw/workspace/Unitybrain/config/bug.json
2026-04-25 09:30:29,457 [UnityBrain] INFO: Initializing bug v3.3.0...
2026-04-25 09:30:29,462 [UnityBrain] INFO: Discovery: found 1 potential peers
2026-04-25 09:30:29,490 [UnityBrain] INFO: bug initialized! Peers: 1/1
2026-04-25 09:30:39,715 [UnityBrain] INFO: Starting UnityBrain v3.3 as 'bug'
2026-04-25 09:30:39,715 [UnityBrain] INFO: Config loaded from /home/kamizool/.openclaw/workspace/Unitybrain/config/bug.json
2026-04-25 09:30:39,716 [UnityBrain] INFO: Initializing bug v3.3.0...
2026-04-25 09:30:39,720 [UnityBrain] INFO: Discovery: found 1 potential peers
2026-04-25 09:30:39,751 [UnityBrain] INFO: bug initialized! Peers: 1/1
2026-04-25 09:30:50,205 [UnityBrain] INFO: Starting UnityBrain v3.3 as 'bug'
2026-04-25 09:30:50,205 [UnityBrain] INFO: Config loaded from /home/kamizool/.openclaw/workspace/Unitybrain/config/bug.json
2026-04-25 09:30:50,205 [UnityBrain] INFO: Initializing bug v3.3.0...
2026-04-25 09:30:50,210 [UnityBrain] INFO: Discovery: found 1 potential peers
2026-04-25 09:30:50,239 [UnityBrain] INFO: bug initialized! Peers: 1/1
2026-04-25 09:31:00,462 [UnityBrain] INFO: Starting UnityBrain v3.3 as 'bug'
2026-04-25 09:31:00,463 [UnityBrain] INFO: Config loaded from /home/kamizool/.openclaw/workspace/Unitybrain/config/bug.json
2026-04-25 09:31:00,463 [UnityBrain] INFO: Initializing bug v3.3.0...
2026-04-25 09:31:00,469 [UnityBrain] INFO: Discovery: found 1 potential peers
2026-04-25 09:31:00,497 [UnityBrain] INFO: bug initialized! Peers: 1/1
2026-04-25 09:31:10,963 [UnityBrain] INFO: Starting UnityBrain v3.3 as 'bug'
2026-04-25 09:31:10,963 [UnityBrain] INFO: Config loaded from /home/kamizool/.openclaw/workspace/Unitybrain/config/bug.json
2026-04-25 09:31:10,963 [UnityBrain] INFO: Initializing bug v3.3.0...
2026-04-25 09:31:10,969 [UnityBrain] INFO: Discovery: found 1 potential peers
2026-04-25 09:31:10,999 [UnityBrain] INFO: bug initialized! Peers: 1/1
2026-04-25 09:31:21,454 [UnityBrain] INFO: Starting UnityBrain v3.3 as 'bug'
2026-04-25 09:31:21,454 [UnityBrain] INFO: Config loaded from /home/kamizool/.openclaw/workspace/Unitybrain/config/bug.json
2026-04-25 09:31:21,454 [UnityBrain] INFO: Initializing bug v3.3.0...
2026-04-25 09:31:21,459 [UnityBrain] INFO: Discovery: found 1 potential peers
2026-04-25 09:31:21,472 [UnityBrain] INFO: bug initialized! Peers: 0/1
2026-04-25 09:31:31,713 [UnityBrain] INFO: Starting UnityBrain v3.3 as 'bug'
2026-04-25 09:31:31,713 [UnityBrain] INFO: Config loaded from /home/kamizool/.openclaw/workspace/Unitybrain/config/bug.json
2026-04-25 09:31:31,713 [UnityBrain] INFO: Initializing bug v3.3.0...
2026-04-25 09:31:31,719 [UnityBrain] INFO: Discovery: found 1 potential peers
2026-04-25 09:31:31,749 [UnityBrain] INFO: bug initialized! Peers: 1/1
2026-04-25 09:31:42,208 [UnityBrain] INFO: Starting UnityBrain v3.3 as 'bug'
2026-04-25 09:31:42,208 [UnityBrain] INFO: Config loaded from /home/kamizool/.openclaw/workspace/Unitybrain/config/bug.json
2026-04-25 09:31:42,208 [UnityBrain] INFO: Initializing bug v3.3.0...
2026-04-25 09:31:42,213 [UnityBrain] INFO: Discovery: found 1 potential peers
2026-04-25 09:31:42,249 [UnityBrain] INFO: bug initialized! Peers: 1/1
2026-04-25 09:31:52,712 [UnityBrain] INFO: Starting UnityBrain v3.3 as 'bug'
2026-04-25 09:31:52,713 [UnityBrain] INFO: Config loaded from /home/kamizool/.openclaw/workspace/Unitybrain/config/bug.json
2026-04-25 09:31:52,713 [UnityBrain] INFO: Initializing bug v3.3.0...
2026-04-25 09:31:52,718 [UnityBrain] INFO: Discovery: found 1 potential peers
2026-04-25 09:31:52,751 [UnityBrain] INFO: bug initialized! Peers: 1/1
2026-04-25 09:32:03,203 [UnityBrain] INFO: Starting UnityBrain v3.3 as 'bug'
2026-04-25 09:32:03,204 [UnityBrain] INFO: Config loaded from /home/kamizool/.openclaw/workspace/Unitybrain/config/bug.json
2026-04-25 09:32:03,204 [UnityBrain] INFO: Initializing bug v3.3.0...
2026-04-25 09:32:03,209 [UnityBrain] INFO: Discovery: found 1 potential peers
2026-04-25 09:32:03,239 [UnityBrain] INFO: bug initialized! Peers: 1/1
2026-04-25 09:32:13,446 [UnityBrain] INFO: Starting UnityBrain v3.3 as 'bug'
2026-04-25 09:32:13,446 [UnityBrain] INFO: Config loaded from /home/kamizool/.openclaw/workspace/Unitybrain/config/bug.json
2026-04-25 09:32:13,446 [UnityBrain] INFO: Initializing bug v3.3.0...
2026-04-25 09:32:13,452 [UnityBrain] INFO: Discovery: found 1 potential peers
2026-04-25 09:32:13,481 [UnityBrain] INFO: bug initialized! Peers: 1/1
2026-04-25 09:32:23,714 [UnityBrain] INFO: Starting UnityBrain v3.3 as 'bug'
2026-04-25 09:32:23,715 [UnityBrain] INFO: Config loaded from /home/kamizool/.openclaw/workspace/Unitybrain/config/bug.json
2026-04-25 09:32:23,715 [UnityBrain] INFO: Initializing bug v3.3.0...
2026-04-25 09:32:23,720 [UnityBrain] INFO: Discovery: found 1 potential peers
2026-04-25 09:32:23,752 [UnityBrain] INFO: bug initialized! Peers: 1/1
2026-04-25 09:32:34,208 [UnityBrain] INFO: Starting UnityBrain v3.3 as 'bug'
2026-04-25 09:32:34,208 [UnityBrain] INFO: Config loaded from /home/kamizool/.openclaw/workspace/Unitybrain/config/bug.json
2026-04-25 09:32:34,208 [UnityBrain] INFO: Initializing bug v3.3.0...
2026-04-25 09:32:34,213 [UnityBrain] INFO: Discovery: found 1 potential peers
2026-04-25 09:32:34,241 [UnityBrain] INFO: bug initialized! Peers: 1/1
2026-04-25 09:32:44,452 [UnityBrain] INFO: Starting UnityBrain v3.3 as 'bug'
2026-04-25 09:32:44,452 [UnityBrain] INFO: Config loaded from /home/kamizool/.openclaw/workspace/Unitybrain/config/bug.json
2026-04-25 09:32:44,452 [UnityBrain] INFO: Initializing bug v3.3.0...
2026-04-25 09:32:44,457 [UnityBrain] INFO: Discovery: found 1 potential peers
2026-04-25 09:32:44,489 [UnityBrain] INFO: bug initialized! Peers: 1/1
2026-04-25 09:32:54,704 [UnityBrain] INFO: Starting UnityBrain v3.3 as 'bug'
2026-04-25 09:32:54,705 [UnityBrain] INFO: Config loaded from /home/kamizool/.openclaw/workspace/Unitybrain/config/bug.json
2026-04-25 09:32:54,705 [UnityBrain] INFO: Initializing bug v3.3.0...
2026-04-25 09:32:54,710 [UnityBrain] INFO: Discovery: found 1 potential peers
2026-04-25 09:32:54,738 [UnityBrain] INFO: bug initialized! Peers: 1/1
2026-04-25 09:33:04,958 [UnityBrain] INFO: Starting UnityBrain v3.3 as 'bug'
2026-04-25 09:33:04,958 [UnityBrain] INFO: Config loaded from /home/kamizool/.openclaw/workspace/Unitybrain/config/bug.json
2026-04-25 09:33:04,958 [UnityBrain] INFO: Initializing bug v3.3.0...
2026-04-25 09:33:04,964 [UnityBrain] INFO: Discovery: found 1 potential peers
2026-04-25 09:33:04,995 [UnityBrain] INFO: bug initialized! Peers: 1/1
2026-04-25 09:33:15,471 [UnityBrain] INFO: Starting UnityBrain v3.3 as 'bug'
2026-04-25 09:33:15,472 [UnityBrain] INFO: Config loaded from /home/kamizool/.openclaw/workspace/Unitybrain/config/bug.json
2026-04-25 09:33:15,472 [UnityBrain] INFO: Initializing bug v3.3.0...
2026-04-25 09:33:15,479 [UnityBrain] INFO: Discovery: found 1 potential peers
2026-04-25 09:33:15,508 [UnityBrain] INFO: bug initialized! Peers: 1/1
2026-04-25 09:33:25,970 [UnityBrain] INFO: Starting UnityBrain v3.3 as 'bug'
2026-04-25 09:33:25,970 [UnityBrain] INFO: Config loaded from /home/kamizool/.openclaw/workspace/Unitybrain/config/bug.json
2026-04-25 09:33:25,970 [UnityBrain] INFO: Initializing bug v3.3.0...
2026-04-25 09:33:25,976 [UnityBrain] INFO: Discovery: found 1 potential peers
2026-04-25 09:33:26,007 [UnityBrain] INFO: bug initialized! Peers: 1/1
